exports[`AdminApp should render correctly 1`] = `
ShallowWrapper {
  Symbol(enzyme.__root__): [Circular],
  Symbol(enzyme.__unrendered__): <AdminApp />,
  Symbol(enzyme.__renderer__): Object {
    "batchedUpdates": [Function],
    "checkPropTypes": [Function],
    "getNode": [Function],
    "render": [Function],
    "simulateError": [Function],
    "simulateEvent": [Function],
    "unmount": [Function],
  },
  Symbol(enzyme.__node__): Object {
    "instance": null,
    "key": undefined,
    "nodeType": "host",
    "props": Object {
      "children": Array [
        <Unknown
          isLoggedIn={true} />,
        <div
          className="row">
          <div
                    className="col s2"
                    style={
                              Object {
                                        "backgroundColor": "white",
                                        "height": "87vh",
                                      }
                    }>
                    <Unknown />
                              
          </div>
          <div
                    className="col s10">
                    <div
                              className="container">
                              <div
                                        className="card p6">
                                        Welcome Admin
                              </div>
                    </div>
          </div>
</div>,
      ],
    },
    "ref": null,
    "rendered": Array [
      Object {
        "instance": null,
        "key": undefined,
        "nodeType": "function",
        "props": Object {
          "isLoggedIn": true,
        },
        "ref": null,
        "rendered": null,
        "type": Object {
          "$$typeof": Symbol(react.memo),
          "WrappedComponent": [Function],
          "compare": null,
          "displayName": "Connect(NavBar)",
          "type": [Function],
          Symbol(Symbol.hasInstance): [Function],
        },
      },
      Object {
        "instance": null,
        "key": undefined,
        "nodeType": "host",
        "props": Object {
          "children": Array [
            <div
              className="col s2"
              style={
                            Object {
                                          "backgroundColor": "white",
                                          "height": "87vh",
                                        }
              }>
              <Unknown />
                        
</div>,
            <div
              className="col s10">
              <div
                            className="container">
                            <div
                                          className="card p6">
                                          Welcome Admin
                            </div>
              </div>
</div>,
          ],
          "className": "row",
        },
        "ref": null,
        "rendered": Array [
          Object {
            "instance": null,
            "key": undefined,
            "nodeType": "host",
            "props": Object {
              "children": Array [
                <Unknown />,
                "          ",
              ],
              "className": "col s2",
              "style": Object {
                "backgroundColor": "white",
                "height": "87vh",
              },
            },
            "ref": null,
            "rendered": Array [
              Object {
                "instance": null,
                "key": undefined,
                "nodeType": "function",
                "props": Object {},
                "ref": null,
                "rendered": null,
                "type": Object {
                  "$$typeof": Symbol(react.memo),
                  "WrappedComponent": [Function],
                  "compare": null,
                  "displayName": "Connect(SideBar)",
                  "type": [Function],
                  Symbol(Symbol.hasInstance): [Function],
                },
              },
              "          ",
            ],
            "type": "div",
          },
          Object {
            "instance": null,
            "key": undefined,
            "nodeType": "host",
            "props": Object {
              "children": <div
                className="container">
                <div
                                className="card p6">
                                Welcome Admin
                </div>
</div>,
              "className": "col s10",
            },
            "ref": null,
            "rendered": Object {
              "instance": null,
              "key": undefined,
              "nodeType": "host",
              "props": Object {
                "children": <div
                  className="card p6">
                  Welcome Admin
</div>,
                "className": "container",
              },
              "ref": null,
              "rendered": Object {
                "instance": null,
                "key": undefined,
                "nodeType": "host",
                "props": Object {
                  "children": "Welcome Admin",
                  "className": "card p6",
                },
                "ref": null,
                "rendered": "Welcome Admin",
                "type": "div",
              },
              "type": "div",
            },
            "type": "div",
          },
        ],
        "type": "div",
      },
    ],
    "type": "div",
  },
  Symbol(enzyme.__nodes__): Array [
    Object {
      "instance": null,
      "key": undefined,
      "nodeType": "host",
      "props": Object {
        "children": Array [
          <Unknown
            isLoggedIn={true} />,
          <div
            className="row">
            <div
                        className="col s2"
                        style={
                                    Object {
                                                "backgroundColor": "white",
                                                "height": "87vh",
                                              }
                        }>
                        <Unknown />
                                  
            </div>
            <div
                        className="col s10">
                        <div
                                    className="container">
                                    <div
                                                className="card p6">
                                                Welcome Admin
                                    </div>
                        </div>
            </div>
</div>,
        ],
      },
      "ref": null,
      "rendered": Array [
        Object {
          "instance": null,
          "key": undefined,
          "nodeType": "function",
          "props": Object {
            "isLoggedIn": true,
          },
          "ref": null,
          "rendered": null,
          "type": Object {
            "$$typeof": Symbol(react.memo),
            "WrappedComponent": [Function],
            "compare": null,
            "displayName": "Connect(NavBar)",
            "type": [Function],
            Symbol(Symbol.hasInstance): [Function],
          },
        },
        Object {
          "instance": null,
          "key": undefined,
          "nodeType": "host",
          "props": Object {
            "children": Array [
              <div
                className="col s2"
                style={
                                Object {
                                                "backgroundColor": "white",
                                                "height": "87vh",
                                              }
                }>
                <Unknown />
                          
</div>,
              <div
                className="col s10">
                <div
                                className="container">
                                <div
                                                className="card p6">
                                                Welcome Admin
                                </div>
                </div>
</div>,
            ],
            "className": "row",
          },
          "ref": null,
          "rendered": Array [
            Object {
              "instance": null,
              "key": undefined,
              "nodeType": "host",
              "props": Object {
                "children": Array [
                  <Unknown />,
                  "          ",
                ],
                "className": "col s2",
                "style": Object {
                  "backgroundColor": "white",
                  "height": "87vh",
                },
              },
              "ref": null,
              "rendered": Array [
                Object {
                  "instance": null,
                  "key": undefined,
                  "nodeType": "function",
                  "props": Object {},
                  "ref": null,
                  "rendered": null,
                  "type": Object {
                    "$$typeof": Symbol(react.memo),
                    "WrappedComponent": [Function],
                    "compare": null,
                    "displayName": "Connect(SideBar)",
                    "type": [Function],
                    Symbol(Symbol.hasInstance): [Function],
                  },
                },
                "          ",
              ],
              "type": "div",
            },
            Object {
              "instance": null,
              "key": undefined,
              "nodeType": "host",
              "props": Object {
                "children": <div
                  className="container">
                  <div
                                    className="card p6">
                                    Welcome Admin
                  </div>
</div>,
                "className": "col s10",
              },
              "ref": null,
              "rendered": Object {
                "instance": null,
                "key": undefined,
                "nodeType": "host",
                "props": Object {
                  "children": <div
                    className="card p6">
                    Welcome Admin
</div>,
                  "className": "container",
                },
                "ref": null,
                "rendered": Object {
                  "instance": null,
                  "key": undefined,
                  "nodeType": "host",
                  "props": Object {
                    "children": "Welcome Admin",
                    "className": "card p6",
                  },
                  "ref": null,
                  "rendered": "Welcome Admin",
                  "type": "div",
                },
                "type": "div",
              },
              "type": "div",
            },
          ],
          "type": "div",
        },
      ],
      "type": "div",
    },
  ],
  Symbol(enzyme.__options__): Object {
    "adapter": ReactSixteenAdapter {
      "options": Object {
        "enableComponentDidUpdateOnSetState": true,
        "legacyContextMode": "parent",
        "lifecycles": Object {
          "componentDidUpdate": Object {
            "onSetState": true,
          },
          "getChildContext": Object {
            "calledByRenderer": false,
          },
          "getDerivedStateFromError": true,
          "getDerivedStateFromProps": Object {
            "hasShouldComponentUpdateBug": false,
          },
          "getSnapshotBeforeUpdate": true,
          "setState": Object {
            "skipsComponentDidUpdateOnNullish": true,
          },
        },
      },
    },
    Symbol(enzyme.__providerValues__): undefined,
  },
  Symbol(enzyme.__providerValues__): Map {},
  Symbol(enzyme.__childContext__): null,
}
`;
